// Jest Snapshot v1, https://goo.gl/fbAQLP

exports[`Mission Element Tests renders correctly 1`] = `
<table>
  <tbody>
    <tr>
      <th>
        Mission
      </th>
      <th>
        Description
      </th>
      <th>
        Status
      </th>
      <th>
         
      </th>
    </tr>
  </tbody>
</table>
`;
