// Jest Snapshot v1, https://goo.gl/fbAQLP

exports[`Rocket Element Tests renders correctly 1`] = `
<li
  style={
    Object {
      "display": "grid",
      "gap": "2%",
      "gridTemplateColumns": "24% 74%",
      "padding": "1rem 0",
      "position": "relative",
    }
  }
>
  <div>
    <img
      style={
        Object {
          "width": "100%",
        }
      }
    />
  </div>
  <div
    style={
      Object {
        "display": "flex",
        "flexDirection": "column",
        "fontSize": "1.25rem",
        "gap": "0.75rem",
      }
    }
  >
    <h3 />
    <div
      className="rocket-desc-wrapper"
    />
    <div>
      <button
        onClick={[Function]}
        style={
          Object {
            "backgroundColor": "hsl(230deg 90% 60%)",
            "border": "1px solid hsl(230deg 90% 60%)",
            "borderRadius": "0.25rem",
            "color": "hsl(0deg 0% 99%)",
            "cursor": "pointer",
            "fontSize": "1.175rem",
            "padding": "0.35rem",
            "textAlign": "center",
            "whiteSpace": "nowrap",
          }
        }
        type="button"
      >
        Reserve Rocket
      </button>
    </div>
  </div>
</li>
`;
